// Jest Snapshot v1, https://goo.gl/fbAQLP

exports[`Button snapshots should match snapshot 1`] = `
<button
  className="MuiButtonBase-root MuiButton-root MuiButton-text MuiButton-textPrimary MuiButton-sizeMedium MuiButton-textSizeMedium MuiButton-root MuiButton-text MuiButton-textPrimary MuiButton-sizeMedium MuiButton-textSizeMedium sc-beqWaB Button-wrapper css-1e6y48t-MuiButtonBase-root-MuiButton-root"
  disabled={false}
  onBlur={[Function]}
  onClick={[Function]}
  onContextMenu={[Function]}
  onDragLeave={[Function]}
  onFocus={[Function]}
  onKeyDown={[Function]}
  onKeyUp={[Function]}
  onMouseDown={[Function]}
  onMouseLeave={[Function]}
  onMouseUp={[Function]}
  onTouchEnd={[Function]}
  onTouchMove={[Function]}
  onTouchStart={[Function]}
  tabIndex={0}
  type="button"
/>
`;
